nmatondo@nmatondo:~/Code/BidLive/BidLiveDevops$ docker logs logstash 
🔑 Generating internal TLS certificate for logstash (hosts: logstash,localhost,127.0.0.1)...
2026/07/17 08:52:41 [INFO] generate received request
2026/07/17 08:52:41 [INFO] received CSR
2026/07/17 08:52:41 [INFO] generating key: rsa-2048
2026/07/17 08:52:41 [INFO] encoded CSR
2026/07/17 08:52:41 [INFO] signed certificate with serial number 359146517675248322791561081015465611376145598590
Updating certificates in /etc/ssl/certs...
1 added, 0 removed; done.
Running hooks in /etc/ca-certificates/update.d...
done.
✅ TLS Certificate generated successfully for logstash
Waiting for Elasticsearch to be ready...
✅ Elasticsearch is ready.
🔧 Setting up ILM (Index Lifecycle Management) policy...
  ILM policy 'bidlive-retention-policy' already exists. Skipping creation.
🔧 Setting up index template...
{"acknowledged":true}
✅ Index template created successfully.
Starting Logstash...
Using bundled JDK: /usr/share/logstash/jdk
Sending Logstash logs to /usr/share/logstash/logs which is now configured via log4j2.properties
[2026-07-17T08:53:05,624][WARN ][deprecation.logstash.settings] The setting `http.host` is a deprecated alias for `api.http.host` and will be removed in version 9. Please use `api.http.host` instead
[2026-07-17T08:53:05,672][INFO ][logstash.runner          ] Log4j configuration path used is: /usr/share/logstash/config/log4j2.properties
[2026-07-17T08:53:05,672][WARN ][deprecation.logstash.runner] 'pipeline.buffer.type' setting is not explicitly defined.Before moving to 9.x set it to 'heap' and tune heap size upward, or set it to 'direct' to maintain existing behavior.
[2026-07-17T08:53:05,673][INFO ][logstash.runner          ] Starting Logstash {"logstash.version"=>"8.17.0", "jruby.version"=>"jruby 9.4.9.0 (3.1.4) 2024-11-04 547c6b150e OpenJDK 64-Bit Server VM 21.0.5+11-LTS on 21.0.5+11-LTS +indy +jit [x86_64-linux]"}
[2026-07-17T08:53:05,674][INFO ][logstash.runner          ] JVM bootstrap flags: [-Xms1g, -Xmx1g, -Djava.awt.headless=true, -Dfile.encoding=UTF-8, -Djruby.compile.invokedynamic=true, -XX:+HeapDumpOnOutOfMemoryError, -Djava.security.egd=file:/dev/urandom, -Dlog4j2.isThreadContextMapInheritable=true, -Dlogstash.jackson.stream-read-constraints.max-string-length=200000000, -Dlogstash.jackson.stream-read-constraints.max-number-length=10000, -Dls.cgroup.cpuacct.path.override=/, -Dls.cgroup.cpu.path.override=/, -Xms256m, -Xmx256m, -Djruby.regexp.interruptible=true, -Djdk.io.File.enableADS=true, --add-exports=jdk.compiler/com.sun.tools.javac.api=ALL-UNNAMED, --add-exports=jdk.compiler/com.sun.tools.javac.file=ALL-UNNAMED, --add-exports=jdk.compiler/com.sun.tools.javac.parser=ALL-UNNAMED, --add-exports=jdk.compiler/com.sun.tools.javac.tree=ALL-UNNAMED, --add-exports=jdk.compiler/com.sun.tools.javac.util=ALL-UNNAMED, --add-opens=java.base/java.security=ALL-UNNAMED, --add-opens=java.base/java.io=ALL-UNNAMED, --add-opens=java.base/java.nio.channels=ALL-UNNAMED, --add-opens=java.base/sun.nio.ch=ALL-UNNAMED, --add-opens=java.management/sun.management=ALL-UNNAMED, -Dio.netty.allocator.maxOrder=11]
[2026-07-17T08:53:05,843][INFO ][org.logstash.jackson.StreamReadConstraintsUtil] Jackson default value override `logstash.jackson.stream-read-constraints.max-string-length` configured to `200000000`
[2026-07-17T08:53:05,844][INFO ][org.logstash.jackson.StreamReadConstraintsUtil] Jackson default value override `logstash.jackson.stream-read-constraints.max-number-length` configured to `10000`
[2026-07-17T08:53:06,314][WARN ][logstash.config.source.multilocal] Ignoring the 'pipelines.yml' file because modules or command line options are specified
[2026-07-17T08:53:07,757][INFO ][logstash.agent           ] Successfully started Logstash API endpoint {:port=>9600, :ssl_enabled=>false}
[2026-07-17T08:53:08,769][INFO ][org.reflections.Reflections] Reflections took 291 ms to scan 1 urls, producing 151 keys and 528 values
[2026-07-17T08:53:09,390][WARN ][deprecation.logstash.codecs.jsonlines] The default value for `decode_size_limit_bytes`, currently at 512Mb, will be lowered in a future version to prevent Out of Memory errors from abnormally large messages or missing delimiters. Please set a value that reflects the largest expected message size (e.g. 20971520 for 20Mb)
[2026-07-17T08:53:09,391][INFO ][logstash.codecs.jsonlines] ECS compatibility is enabled but `target` option was not specified. This may cause fields to be set at the top-level of the event where they are likely to clash with the Elastic Common Schema. It is recommended to set the `target` option to avoid potential schema conflicts (if your data is ECS compliant or non-conflicting, feel free to ignore this message)
[2026-07-17T08:53:11,369][INFO ][logstash.javapipeline    ] Pipeline `main` is configured with `pipeline.ecs_compatibility: v8` setting. All plugins in this pipeline will default to `ecs_compatibility => v8` unless explicitly configured otherwise.
[2026-07-17T08:53:11,400][INFO ][logstash.outputs.elasticsearch][main] New Elasticsearch output {:class=>"LogStash::Outputs::ElasticSearch", :hosts=>["https://elasticsearch:9200"]}
[2026-07-17T08:53:11,513][INFO ][logstash.outputs.elasticsearch][main] Elasticsearch pool URLs updated {:changes=>{:removed=>[], :added=>[https://elastic:xxxxxx@elasticsearch:9200/]}}
[2026-07-17T08:53:12,010][WARN ][logstash.outputs.elasticsearch][main] Restored connection to ES instance {:url=>"https://elastic:xxxxxx@elasticsearch:9200/"}
[2026-07-17T08:53:12,011][INFO ][logstash.outputs.elasticsearch][main] Elasticsearch version determined (8.17.0) {:es_version=>8}
[2026-07-17T08:53:12,011][WARN ][logstash.outputs.elasticsearch][main] Detected a 6.x and above cluster: the `type` event field won't be used to determine the document _type {:es_version=>8}
[2026-07-17T08:53:12,031][INFO ][logstash.outputs.elasticsearch][main] Not eligible for data streams because config contains one or more settings that are not compatible with data streams: {"ilm_enabled"=>"true", "index"=>"bidlive-logs-%{+YYYY.MM.dd}", "ilm_rollover_alias"=>"bidlive-logs", "ilm_policy"=>"bidlive-retention-policy", "ilm_pattern"=>"{now/d}-000001"}
[2026-07-17T08:53:12,031][INFO ][logstash.outputs.elasticsearch][main] Data streams auto configuration (`data_stream => auto` or unset) resolved to `false`
[2026-07-17T08:53:12,034][WARN ][logstash.filters.grok    ][main] ECS v8 support is a preview of the unreleased ECS v8, and uses the v1 patterns. When Version 8 of the Elastic Common Schema becomes available, this plugin will need to be updated
[2026-07-17T08:53:12,040][INFO ][logstash.outputs.elasticsearch][main] Using a default mapping template {:es_version=>8, :ecs_compatibility=>:v8}
[2026-07-17T08:53:12,071][WARN ][logstash.outputs.elasticsearch][main] Overwriting supplied index bidlive-logs-%{+YYYY.MM.dd} with rollover alias bidlive-logs
[2026-07-17T08:53:12,104][WARN ][logstash.filters.grok    ][main] ECS v8 support is a preview of the unreleased ECS v8, and uses the v1 patterns. When Version 8 of the Elastic Common Schema becomes available, this plugin will need to be updated
[2026-07-17T08:53:12,132][INFO ][logstash.javapipeline    ][main] Starting pipeline {:pipeline_id=>"main", "pipeline.workers"=>8, "pipeline.batch.size"=>125, "pipeline.batch.delay"=>50, "pipeline.max_inflight"=>1000, "pipeline.sources"=>["/usr/share/logstash/pipeline/logstash.conf", "/usr/share/logstash/pipeline/pipeline.conf"], :thread=>"#<Thread:0x2fb5a930 /usr/share/logstash/logstash-core/lib/logstash/java_pipeline.rb:138 run>"}
[2026-07-17T08:53:13,494][INFO ][logstash.javapipeline    ][main] Pipeline Java execution initialization time {"seconds"=>1.36}
[2026-07-17T08:53:13,504][INFO ][logstash.inputs.beats    ][main] Starting input listener {:address=>"0.0.0.0:5044"}
[2026-07-17T08:53:16,380][INFO ][logstash.javapipeline    ][main] Pipeline started {"pipeline.id"=>"main"}
[2026-07-17T08:53:16,382][INFO ][logstash.inputs.tcp      ][main][6877b24af556a12f983bd47b03461f85d6ac31bdc8d66992536cf33a64d064a0] Starting tcp input listener {:address=>"0.0.0.0:5000", :ssl_enabled=>false}
[2026-07-17T08:53:16,384][INFO ][org.logstash.beats.Server][main][0511e68f3d634d2f2790b2f0298f55e20099b43aa973447714bf81c3545d2192] Starting server on port: 5044
[2026-07-17T08:53:16,386][INFO ][logstash.inputs.gelf     ][main][5733847ddb7223f8d591b5ca2d56e072d62238c06498a5c9354e86e4da3af0ae] Starting gelf listener (udp) ... {:address=>"0.0.0.0:12201"}
[2026-07-17T08:53:16,416][INFO ][logstash.agent           ] Pipelines running {:count=>1, :running_pipelines=>[:main], :non_running_pipelines=>[]}
{
      "container_id" => "28a5dc0f9079566a9c8b1e3dc0d07d31037992b8ea2832b74e8811cfd921a388",
          "@version" => "1",
              "tags" => [
        [0] "_django_parse_failure"
    ],
       "source_host" => "nmatondo",
          "image_id" => "sha256:86286b94485fea5c80b48372c5af6a7588d023b4c38756ec44c3019522d00cff",
               "tag" => "django-backend",
             "level" => 6,
           "command" => "/entrypoint.sh",
           "message" => "172.18.0.19:40712 - \"GET /metrics/ HTTP/1.1\" 200",
        "@timestamp" => 2026-07-17T08:53:19.761Z,
    "container_name" => "backend",
              "type" => "docker",
         "log_level" => "INFO",
        "image_name" => "backend:0.0.1",
       "environment" => "development",
           "version" => "1.1",
           "created" => "2026-07-17T08:52:15.271055746Z",
           "project" => "bidlive"
}
{
      "container_id" => "28a5dc0f9079566a9c8b1e3dc0d07d31037992b8ea2832b74e8811cfd921a388",
          "@version" => "1",
              "tags" => [
        [0] "_django_parse_failure"
    ],
       "source_host" => "nmatondo",
          "image_id" => "sha256:86286b94485fea5c80b48372c5af6a7588d023b4c38756ec44c3019522d00cff",
               "tag" => "django-backend",
             "level" => 6,
           "command" => "/entrypoint.sh",
           "message" => "172.18.0.19:58550 - \"GET /metrics/ HTTP/1.1\" 200",
        "@timestamp" => 2026-07-17T08:53:24.752Z,
    "container_name" => "backend",
              "type" => "docker",
         "log_level" => "INFO",
        "image_name" => "backend:0.0.1",
       "environment" => "development",
           "version" => "1.1",
           "created" => "2026-07-17T08:52:15.271055746Z",
           "project" => "bidlive"
}
{
      "container_id" => "28a5dc0f9079566a9c8b1e3dc0d07d31037992b8ea2832b74e8811cfd921a388",
          "@version" => "1",
              "tags" => [
        [0] "_django_parse_failure"
    ],
       "source_host" => "nmatondo",
          "image_id" => "sha256:86286b94485fea5c80b48372c5af6a7588d023b4c38756ec44c3019522d00cff",
               "tag" => "django-backend",
             "level" => 6,
           "command" => "/entrypoint.sh",
           "message" => "172.18.0.19:58556 - \"GET /metrics/ HTTP/1.1\" 200",
        "@timestamp" => 2026-07-17T08:53:29.792Z,
    "container_name" => "backend",
              "type" => "docker",
         "log_level" => "INFO",
        "image_name" => "backend:0.0.1",
       "environment" => "development",
           "version" => "1.1",
           "created" => "2026-07-17T08:52:15.271055746Z",
           "project" => "bidlive"
}
{
      "container_id" => "28a5dc0f9079566a9c8b1e3dc0d07d31037992b8ea2832b74e8811cfd921a388",
          "@version" => "1",
              "tags" => [
        [0] "_django_parse_failure"
    ],
       "source_host" => "nmatondo",
          "image_id" => "sha256:86286b94485fea5c80b48372c5af6a7588d023b4c38756ec44c3019522d00cff",
               "tag" => "django-backend",
             "level" => 6,
           "command" => "/entrypoint.sh",
           "message" => "172.18.0.19:57536 - \"GET /metrics/ HTTP/1.1\" 200",
        "@timestamp" => 2026-07-17T08:53:34.758Z,
    "container_name" => "backend",
              "type" => "docker",
         "log_level" => "INFO",
        "image_name" => "backend:0.0.1",
       "environment" => "development",
           "version" => "1.1",
           "created" => "2026-07-17T08:52:15.271055746Z",
           "project" => "bidlive"
}
{
      "container_id" => "28a5dc0f9079566a9c8b1e3dc0d07d31037992b8ea2832b74e8811cfd921a388",
          "@version" => "1",
              "tags" => [
        [0] "_django_parse_failure"
    ],
       "source_host" => "nmatondo",
          "image_id" => "sha256:86286b94485fea5c80b48372c5af6a7588d023b4c38756ec44c3019522d00cff",
               "tag" => "django-backend",
             "level" => 6,
           "command" => "/entrypoint.sh",
           "message" => "172.18.0.19:57552 - \"GET /metrics/ HTTP/1.1\" 200",
        "@timestamp" => 2026-07-17T08:53:39.724Z,
    "container_name" => "backend",
              "type" => "docker",
         "log_level" => "INFO",
        "image_name" => "backend:0.0.1",
       "environment" => "development",
           "version" => "1.1",
           "created" => "2026-07-17T08:52:15.271055746Z",
           "project" => "bidlive"
}
{
      "container_id" => "28a5dc0f9079566a9c8b1e3dc0d07d31037992b8ea2832b74e8811cfd921a388",
          "@version" => "1",
              "tags" => [
        [0] "_django_parse_failure"
    ],
       "source_host" => "nmatondo",
          "image_id" => "sha256:86286b94485fea5c80b48372c5af6a7588d023b4c38756ec44c3019522d00cff",
               "tag" => "django-backend",
             "level" => 6,
           "command" => "/entrypoint.sh",
           "message" => "172.18.0.19:59230 - \"GET /metrics/ HTTP/1.1\" 200",
        "@timestamp" => 2026-07-17T08:53:44.890Z,
    "container_name" => "backend",
              "type" => "docker",
         "log_level" => "INFO",
        "image_name" => "backend:0.0.1",
       "environment" => "development",
           "version" => "1.1",
           "created" => "2026-07-17T08:52:15.271055746Z",
           "project" => "bidlive"
}
{
      "container_id" => "28a5dc0f9079566a9c8b1e3dc0d07d31037992b8ea2832b74e8811cfd921a388",
          "@version" => "1",
              "tags" => [
        [0] "_django_parse_failure"
    ],
       "source_host" => "nmatondo",
          "image_id" => "sha256:86286b94485fea5c80b48372c5af6a7588d023b4c38756ec44c3019522d00cff",
               "tag" => "django-backend",
             "level" => 6,
           "command" => "/entrypoint.sh",
           "message" => "172.18.0.19:59234 - \"GET /metrics/ HTTP/1.1\" 200",
        "@timestamp" => 2026-07-17T08:53:49.718Z,
    "container_name" => "backend",
              "type" => "docker",
         "log_level" => "INFO",
        "image_name" => "backend:0.0.1",
       "environment" => "development",
           "version" => "1.1",
           "created" => "2026-07-17T08:52:15.271055746Z",
           "project" => "bidlive"
}
{
      "container_id" => "d70513feb32a07ba72f00ae1cbc0e336daea7b7cc98af8b72bc01be73d6be740",
          "@version" => "1",
       "source_host" => "nmatondo",
          "image_id" => "sha256:86286b94485fea5c80b48372c5af6a7588d023b4c38756ec44c3019522d00cff",
               "tag" => "celery-beat",
             "level" => 3,
           "command" => "/entrypoint.sh",
           "message" => "[2026-07-17 08:53:52,688: INFO/MainProcess] Scheduler: Sending due task auctions-close-expired (apps.auctions.tasks.close_auction.close_expired_auctions)",
        "@timestamp" => 2026-07-17T08:53:52.699Z,
    "container_name" => "celery_beat",
              "type" => "docker",
         "log_level" => "ERROR",
        "image_name" => "backend:0.0.1",
       "environment" => "development",
           "version" => "1.1",
           "created" => "2026-07-17T08:52:15.337892766Z",
           "project" => "bidlive"
}
{
      "container_id" => "d70513feb32a07ba72f00ae1cbc0e336daea7b7cc98af8b72bc01be73d6be740",
          "@version" => "1",
       "source_host" => "nmatondo",
          "image_id" => "sha256:86286b94485fea5c80b48372c5af6a7588d023b4c38756ec44c3019522d00cff",
               "tag" => "celery-beat",
             "level" => 3,
           "command" => "/entrypoint.sh",
           "message" => "[2026-07-17 08:53:52,899: INFO/MainProcess] Task apps.auctions.tasks.close_auction.close_expired_auctions[2aede413-6779-44cc-80a3-5c1c0d718397] succeeded in 0.17466296600014175s: 0",
        "@timestamp" => 2026-07-17T08:53:52.899Z,
    "container_name" => "celery_beat",
              "type" => "docker",
         "log_level" => "ERROR",
        "image_name" => "backend:0.0.1",
       "environment" => "development",
           "version" => "1.1",
           "created" => "2026-07-17T08:52:15.337892766Z",
           "project" => "bidlive"
}
{
      "container_id" => "d70513feb32a07ba72f00ae1cbc0e336daea7b7cc98af8b72bc01be73d6be740",
          "@version" => "1",
       "source_host" => "nmatondo",
          "image_id" => "sha256:86286b94485fea5c80b48372c5af6a7588d023b4c38756ec44c3019522d00cff",
               "tag" => "celery-beat",
             "level" => 3,
           "command" => "/entrypoint.sh",
           "message" => "[2026-07-17 08:53:52,901: INFO/MainProcess] Scheduler: Sending due task auctions-activate-scheduled (apps.auctions.tasks.activate_auction.activate_scheduled_auctions)",
        "@timestamp" => 2026-07-17T08:53:52.901Z,
    "container_name" => "celery_beat",
              "type" => "docker",
         "log_level" => "ERROR",
        "image_name" => "backend:0.0.1",
       "environment" => "development",
           "version" => "1.1",
           "created" => "2026-07-17T08:52:15.337892766Z",
           "project" => "bidlive"
}
{
      "container_id" => "d70513feb32a07ba72f00ae1cbc0e336daea7b7cc98af8b72bc01be73d6be740",
          "@version" => "1",
       "source_host" => "nmatondo",
          "image_id" => "sha256:86286b94485fea5c80b48372c5af6a7588d023b4c38756ec44c3019522d00cff",
               "tag" => "celery-beat",
             "level" => 3,
           "command" => "/entrypoint.sh",
           "message" => "[2026-07-17 08:53:52,924: INFO/MainProcess] Task apps.auctions.tasks.activate_auction.activate_scheduled_auctions[5316ea11-71dd-4254-aced-5ab728836cf9] succeeded in 0.022809011999925133s: 0",
        "@timestamp" => 2026-07-17T08:53:52.925Z,
    "container_name" => "celery_beat",
              "type" => "docker",
         "log_level" => "ERROR",
        "image_name" => "backend:0.0.1",
       "environment" => "development",
           "version" => "1.1",
           "created" => "2026-07-17T08:52:15.337892766Z",
           "project" => "bidlive"
}
{
      "container_id" => "28a5dc0f9079566a9c8b1e3dc0d07d31037992b8ea2832b74e8811cfd921a388",
          "@version" => "1",
              "tags" => [
        [0] "_django_parse_failure"
    ],
       "source_host" => "nmatondo",
          "image_id" => "sha256:86286b94485fea5c80b48372c5af6a7588d023b4c38756ec44c3019522d00cff",
               "tag" => "django-backend",
             "level" => 6,
           "command" => "/entrypoint.sh",
           "message" => "172.18.0.19:34242 - \"GET /metrics/ HTTP/1.1\" 200",
        "@timestamp" => 2026-07-17T08:53:54.769Z,
    "container_name" => "backend",
              "type" => "docker",
         "log_level" => "INFO",
        "image_name" => "backend:0.0.1",
       "environment" => "development",
           "version" => "1.1",
           "created" => "2026-07-17T08:52:15.271055746Z",
           "project" => "bidlive"
}
{
      "container_id" => "28a5dc0f9079566a9c8b1e3dc0d07d31037992b8ea2832b74e8811cfd921a388",
          "@version" => "1",
              "tags" => [
        [0] "_django_parse_failure"
    ],
       "source_host" => "nmatondo",
          "image_id" => "sha256:86286b94485fea5c80b48372c5af6a7588d023b4c38756ec44c3019522d00cff",
               "tag" => "django-backend",
             "level" => 6,
           "command" => "/entrypoint.sh",
           "message" => "172.18.0.19:34254 - \"GET /metrics/ HTTP/1.1\" 200",
        "@timestamp" => 2026-07-17T08:53:59.725Z,
    "container_name" => "backend",
              "type" => "docker",
         "log_level" => "INFO",
        "image_name" => "backend:0.0.1",
       "environment" => "development",
           "version" => "1.1",
           "created" => "2026-07-17T08:52:15.271055746Z",
           "project" => "bidlive"
}
{
      "container_id" => "28a5dc0f9079566a9c8b1e3dc0d07d31037992b8ea2832b74e8811cfd921a388",
          "@version" => "1",
              "tags" => [
        [0] "_django_parse_failure"
    ],
       "source_host" => "nmatondo",
          "image_id" => "sha256:86286b94485fea5c80b48372c5af6a7588d023b4c38756ec44c3019522d00cff",
               "tag" => "django-backend",
             "level" => 6,
           "command" => "/entrypoint.sh",
           "message" => "172.18.0.19:36740 - \"GET /metrics/ HTTP/1.1\" 200",
        "@timestamp" => 2026-07-17T08:54:04.748Z,
    "container_name" => "backend",
              "type" => "docker",
         "log_level" => "INFO",
        "image_name" => "backend:0.0.1",
       "environment" => "development",
           "version" => "1.1",
           "created" => "2026-07-17T08:52:15.271055746Z",
           "project" => "bidlive"
}
{
      "container_id" => "28a5dc0f9079566a9c8b1e3dc0d07d31037992b8ea2832b74e8811cfd921a388",
          "@version" => "1",
              "tags" => [
        [0] "_django_parse_failure"
    ],
       "source_host" => "nmatondo",
          "image_id" => "sha256:86286b94485fea5c80b48372c5af6a7588d023b4c38756ec44c3019522d00cff",
               "tag" => "django-backend",
             "level" => 6,
           "command" => "/entrypoint.sh",
           "message" => "172.18.0.19:36754 - \"GET /metrics/ HTTP/1.1\" 200",
        "@timestamp" => 2026-07-17T08:54:09.728Z,
    "container_name" => "backend",
              "type" => "docker",
         "log_level" => "INFO",
        "image_name" => "backend:0.0.1",
       "environment" => "development",
           "version" => "1.1",
           "created" => "2026-07-17T08:52:15.271055746Z",
           "project" => "bidlive"
}
{
      "container_id" => "28a5dc0f9079566a9c8b1e3dc0d07d31037992b8ea2832b74e8811cfd921a388",
          "@version" => "1",
              "tags" => [
        [0] "_django_parse_failure"
    ],
       "source_host" => "nmatondo",
          "image_id" => "sha256:86286b94485fea5c80b48372c5af6a7588d023b4c38756ec44c3019522d00cff",
               "tag" => "django-backend",
             "level" => 6,
           "command" => "/entrypoint.sh",
           "message" => "172.18.0.19:58388 - \"GET /metrics/ HTTP/1.1\" 200",
        "@timestamp" => 2026-07-17T08:54:14.761Z,
    "container_name" => "backend",
              "type" => "docker",
         "log_level" => "INFO",
        "image_name" => "backend:0.0.1",
       "environment" => "development",
           "version" => "1.1",
           "created" => "2026-07-17T08:52:15.271055746Z",
           "project" => "bidlive"
}
{
      "container_id" => "28a5dc0f9079566a9c8b1e3dc0d07d31037992b8ea2832b74e8811cfd921a388",
          "@version" => "1",
              "tags" => [
        [0] "_django_parse_failure"
    ],
       "source_host" => "nmatondo",
          "image_id" => "sha256:86286b94485fea5c80b48372c5af6a7588d023b4c38756ec44c3019522d00cff",
               "tag" => "django-backend",
             "level" => 6,
           "command" => "/entrypoint.sh",
           "message" => "172.18.0.19:58396 - \"GET /metrics/ HTTP/1.1\" 200",
        "@timestamp" => 2026-07-17T08:54:20.019Z,
    "container_name" => "backend",
              "type" => "docker",
         "log_level" => "INFO",
        "image_name" => "backend:0.0.1",
       "environment" => "development",
           "version" => "1.1",
           "created" => "2026-07-17T08:52:15.271055746Z",
           "project" => "bidlive"
}
{
      "container_id" => "28a5dc0f9079566a9c8b1e3dc0d07d31037992b8ea2832b74e8811cfd921a388",
          "@version" => "1",
              "tags" => [
        [0] "_django_parse_failure"
    ],
       "source_host" => "nmatondo",
          "image_id" => "sha256:86286b94485fea5c80b48372c5af6a7588d023b4c38756ec44c3019522d00cff",
               "tag" => "django-backend",
             "level" => 6,
           "command" => "/entrypoint.sh",
           "message" => "172.18.0.19:55910 - \"GET /metrics/ HTTP/1.1\" 200",
        "@timestamp" => 2026-07-17T08:54:24.724Z,
    "container_name" => "backend",
              "type" => "docker",
         "log_level" => "INFO",
        "image_name" => "backend:0.0.1",
       "environment" => "development",
           "version" => "1.1",
           "created" => "2026-07-17T08:52:15.271055746Z",
           "project" => "bidlive"
}
{
      "container_id" => "28a5dc0f9079566a9c8b1e3dc0d07d31037992b8ea2832b74e8811cfd921a388",
          "@version" => "1",
              "tags" => [
        [0] "_django_parse_failure"
    ],
       "source_host" => "nmatondo",
          "image_id" => "sha256:86286b94485fea5c80b48372c5af6a7588d023b4c38756ec44c3019522d00cff",
               "tag" => "django-backend",
             "level" => 6,
           "command" => "/entrypoint.sh",
           "message" => "172.18.0.19:55918 - \"GET /metrics/ HTTP/1.1\" 200",
        "@timestamp" => 2026-07-17T08:54:29.733Z,
    "container_name" => "backend",
              "type" => "docker",
         "log_level" => "INFO",
        "image_name" => "backend:0.0.1",
       "environment" => "development",
           "version" => "1.1",
           "created" => "2026-07-17T08:52:15.271055746Z",
           "project" => "bidlive"
}
{
      "container_id" => "28a5dc0f9079566a9c8b1e3dc0d07d31037992b8ea2832b74e8811cfd921a388",
          "@version" => "1",
              "tags" => [
        [0] "_django_parse_failure"
    ],
       "source_host" => "nmatondo",
          "image_id" => "sha256:86286b94485fea5c80b48372c5af6a7588d023b4c38756ec44c3019522d00cff",
               "tag" => "django-backend",
             "level" => 6,
           "command" => "/entrypoint.sh",
           "message" => "172.18.0.19:39062 - \"GET /metrics/ HTTP/1.1\" 200",
        "@timestamp" => 2026-07-17T08:54:34.734Z,
    "container_name" => "backend",
              "type" => "docker",
         "log_level" => "INFO",
        "image_name" => "backend:0.0.1",
       "environment" => "development",
           "version" => "1.1",
           "created" => "2026-07-17T08:52:15.271055746Z",
           "project" => "bidlive"
}
{
      "container_id" => "28a5dc0f9079566a9c8b1e3dc0d07d31037992b8ea2832b74e8811cfd921a388",
          "@version" => "1",
              "tags" => [
        [0] "_django_parse_failure"
    ],
       "source_host" => "nmatondo",
          "image_id" => "sha256:86286b94485fea5c80b48372c5af6a7588d023b4c38756ec44c3019522d00cff",
               "tag" => "django-backend",
             "level" => 6,
           "command" => "/entrypoint.sh",
           "message" => "172.18.0.19:39074 - \"GET /metrics/ HTTP/1.1\" 200",
        "@timestamp" => 2026-07-17T08:54:39.747Z,
    "container_name" => "backend",
              "type" => "docker",
         "log_level" => "INFO",
        "image_name" => "backend:0.0.1",
       "environment" => "development",
           "version" => "1.1",
           "created" => "2026-07-17T08:52:15.271055746Z",
           "project" => "bidlive"
}
{
      "container_id" => "28a5dc0f9079566a9c8b1e3dc0d07d31037992b8ea2832b74e8811cfd921a388",
          "@version" => "1",
              "tags" => [
        [0] "_django_parse_failure"
    ],
       "source_host" => "nmatondo",
          "image_id" => "sha256:86286b94485fea5c80b48372c5af6a7588d023b4c38756ec44c3019522d00cff",
               "tag" => "django-backend",
             "level" => 6,
           "command" => "/entrypoint.sh",
           "message" => "172.18.0.19:45274 - \"GET /metrics/ HTTP/1.1\" 200",
        "@timestamp" => 2026-07-17T08:54:44.727Z,
    "container_name" => "backend",
              "type" => "docker",
         "log_level" => "INFO",
        "image_name" => "backend:0.0.1",
       "environment" => "development",
           "version" => "1.1",
           "created" => "2026-07-17T08:52:15.271055746Z",
           "project" => "bidlive"
}
{
      "container_id" => "28a5dc0f9079566a9c8b1e3dc0d07d31037992b8ea2832b74e8811cfd921a388",
          "@version" => "1",
              "tags" => [
        [0] "_django_parse_failure"
    ],
       "source_host" => "nmatondo",
          "image_id" => "sha256:86286b94485fea5c80b48372c5af6a7588d023b4c38756ec44c3019522d00cff",
               "tag" => "django-backend",
             "level" => 6,
           "command" => "/entrypoint.sh",
           "message" => "172.18.0.19:45276 - \"GET /metrics/ HTTP/1.1\" 200",
        "@timestamp" => 2026-07-17T08:54:49.719Z,
    "container_name" => "backend",
              "type" => "docker",
         "log_level" => "INFO",
        "image_name" => "backend:0.0.1",
       "environment" => "development",
           "version" => "1.1",
           "created" => "2026-07-17T08:52:15.271055746Z",
           "project" => "bidlive"
}
{
      "container_id" => "d70513feb32a07ba72f00ae1cbc0e336daea7b7cc98af8b72bc01be73d6be740",
          "@version" => "1",
       "source_host" => "nmatondo",
          "image_id" => "sha256:86286b94485fea5c80b48372c5af6a7588d023b4c38756ec44c3019522d00cff",
               "tag" => "celery-beat",
             "level" => 3,
           "command" => "/entrypoint.sh",
           "message" => "[2026-07-17 08:54:52,578: INFO/MainProcess] Scheduler: Sending due task auctions-close-expired (apps.auctions.tasks.close_auction.close_expired_auctions)",
        "@timestamp" => 2026-07-17T08:54:52.578Z,
    "container_name" => "celery_beat",
              "type" => "docker",
         "log_level" => "ERROR",
        "image_name" => "backend:0.0.1",
       "environment" => "development",
           "version" => "1.1",
           "created" => "2026-07-17T08:52:15.337892766Z",
           "project" => "bidlive"
}
{
      "container_id" => "d70513feb32a07ba72f00ae1cbc0e336daea7b7cc98af8b72bc01be73d6be740",
          "@version" => "1",
       "source_host" => "nmatondo",
          "image_id" => "sha256:86286b94485fea5c80b48372c5af6a7588d023b4c38756ec44c3019522d00cff",
               "tag" => "celery-beat",
             "level" => 3,
           "command" => "/entrypoint.sh",
           "message" => "[2026-07-17 08:54:52,591: INFO/MainProcess] Task apps.auctions.tasks.close_auction.close_expired_auctions[818aa933-3f3d-48c5-869f-470a00518520] succeeded in 0.011840524000035657s: 0",
        "@timestamp" => 2026-07-17T08:54:52.592Z,
    "container_name" => "celery_beat",
              "type" => "docker",
         "log_level" => "ERROR",
        "image_name" => "backend:0.0.1",
       "environment" => "development",
           "version" => "1.1",
           "created" => "2026-07-17T08:52:15.337892766Z",
           "project" => "bidlive"
}
{
      "container_id" => "d70513feb32a07ba72f00ae1cbc0e336daea7b7cc98af8b72bc01be73d6be740",
          "@version" => "1",
       "source_host" => "nmatondo",
          "image_id" => "sha256:86286b94485fea5c80b48372c5af6a7588d023b4c38756ec44c3019522d00cff",
               "tag" => "celery-beat",
             "level" => 3,
           "command" => "/entrypoint.sh",
           "message" => "[2026-07-17 08:54:52,901: INFO/MainProcess] Scheduler: Sending due task auctions-activate-scheduled (apps.auctions.tasks.activate_auction.activate_scheduled_auctions)",
        "@timestamp" => 2026-07-17T08:54:52.902Z,
    "container_name" => "celery_beat",
              "type" => "docker",
         "log_level" => "ERROR",
        "image_name" => "backend:0.0.1",
       "environment" => "development",
           "version" => "1.1",
           "created" => "2026-07-17T08:52:15.337892766Z",
           "project" => "bidlive"
}
{
      "container_id" => "d70513feb32a07ba72f00ae1cbc0e336daea7b7cc98af8b72bc01be73d6be740",
          "@version" => "1",
       "source_host" => "nmatondo",
          "image_id" => "sha256:86286b94485fea5c80b48372c5af6a7588d023b4c38756ec44c3019522d00cff",
               "tag" => "celery-beat",
             "level" => 3,
           "command" => "/entrypoint.sh",
           "message" => "[2026-07-17 08:54:52,917: INFO/MainProcess] Task apps.auctions.tasks.activate_auction.activate_scheduled_auctions[11d1075e-525c-499a-a6d7-0c1060f9e052] succeeded in 0.014268021999669145s: 0",
        "@timestamp" => 2026-07-17T08:54:52.917Z,
    "container_name" => "celery_beat",
              "type" => "docker",
         "log_level" => "ERROR",
        "image_name" => "backend:0.0.1",
       "environment" => "development",
           "version" => "1.1",
           "created" => "2026-07-17T08:52:15.337892766Z",
           "project" => "bidlive"
}
{
      "container_id" => "28a5dc0f9079566a9c8b1e3dc0d07d31037992b8ea2832b74e8811cfd921a388",
          "@version" => "1",
              "tags" => [
        [0] "_django_parse_failure"
    ],
       "source_host" => "nmatondo",
          "image_id" => "sha256:86286b94485fea5c80b48372c5af6a7588d023b4c38756ec44c3019522d00cff",
               "tag" => "django-backend",
             "level" => 6,
           "command" => "/entrypoint.sh",
           "message" => "172.18.0.19:50964 - \"GET /metrics/ HTTP/1.1\" 200",
        "@timestamp" => 2026-07-17T08:54:54.752Z,
    "container_name" => "backend",
              "type" => "docker",
         "log_level" => "INFO",
        "image_name" => "backend:0.0.1",
       "environment" => "development",
           "version" => "1.1",
           "created" => "2026-07-17T08:52:15.271055746Z",
           "project" => "bidlive"
}
{
      "container_id" => "28a5dc0f9079566a9c8b1e3dc0d07d31037992b8ea2832b74e8811cfd921a388",
          "@version" => "1",
              "tags" => [
        [0] "_django_parse_failure"
    ],
       "source_host" => "nmatondo",
          "image_id" => "sha256:86286b94485fea5c80b48372c5af6a7588d023b4c38756ec44c3019522d00cff",
               "tag" => "django-backend",
             "level" => 6,
           "command" => "/entrypoint.sh",
           "message" => "172.18.0.19:50966 - \"GET /metrics/ HTTP/1.1\" 200",
        "@timestamp" => 2026-07-17T08:54:59.745Z,
    "container_name" => "backend",
              "type" => "docker",
         "log_level" => "INFO",
        "image_name" => "backend:0.0.1",
       "environment" => "development",
           "version" => "1.1",
           "created" => "2026-07-17T08:52:15.271055746Z",
           "project" => "bidlive"
}
{
      "container_id" => "28a5dc0f9079566a9c8b1e3dc0d07d31037992b8ea2832b74e8811cfd921a388",
          "@version" => "1",
              "tags" => [
        [0] "_django_parse_failure"
    ],
       "source_host" => "nmatondo",
          "image_id" => "sha256:86286b94485fea5c80b48372c5af6a7588d023b4c38756ec44c3019522d00cff",
               "tag" => "django-backend",
             "level" => 6,
           "command" => "/entrypoint.sh",
           "message" => "172.18.0.19:38360 - \"GET /metrics/ HTTP/1.1\" 200",
        "@timestamp" => 2026-07-17T08:55:04.755Z,
    "container_name" => "backend",
              "type" => "docker",
         "log_level" => "INFO",
        "image_name" => "backend:0.0.1",
       "environment" => "development",
           "version" => "1.1",
           "created" => "2026-07-17T08:52:15.271055746Z",
           "project" => "bidlive"
}
{
      "container_id" => "28a5dc0f9079566a9c8b1e3dc0d07d31037992b8ea2832b74e8811cfd921a388",
          "@version" => "1",
              "tags" => [
        [0] "_django_parse_failure"
    ],
       "source_host" => "nmatondo",
          "image_id" => "sha256:86286b94485fea5c80b48372c5af6a7588d023b4c38756ec44c3019522d00cff",
               "tag" => "django-backend",
             "level" => 6,
           "command" => "/entrypoint.sh",
           "message" => "172.18.0.19:38376 - \"GET /metrics/ HTTP/1.1\" 200",
        "@timestamp" => 2026-07-17T08:55:09.752Z,
    "container_name" => "backend",
              "type" => "docker",
         "log_level" => "INFO",
        "image_name" => "backend:0.0.1",
       "environment" => "development",
           "version" => "1.1",
           "created" => "2026-07-17T08:52:15.271055746Z",
           "project" => "bidlive"
}
{
      "container_id" => "28a5dc0f9079566a9c8b1e3dc0d07d31037992b8ea2832b74e8811cfd921a388",
          "@version" => "1",
              "tags" => [
        [0] "_django_parse_failure"
    ],
       "source_host" => "nmatondo",
          "image_id" => "sha256:86286b94485fea5c80b48372c5af6a7588d023b4c38756ec44c3019522d00cff",
               "tag" => "django-backend",
             "level" => 6,
           "command" => "/entrypoint.sh",
           "message" => "172.18.0.19:49664 - \"GET /metrics/ HTTP/1.1\" 200",
        "@timestamp" => 2026-07-17T08:55:14.729Z,
    "container_name" => "backend",
              "type" => "docker",
         "log_level" => "INFO",
        "image_name" => "backend:0.0.1",
       "environment" => "development",
           "version" => "1.1",
           "created" => "2026-07-17T08:52:15.271055746Z",
           "project" => "bidlive"
}
{
      "container_id" => "28a5dc0f9079566a9c8b1e3dc0d07d31037992b8ea2832b74e8811cfd921a388",
          "@version" => "1",
              "tags" => [
        [0] "_django_parse_failure"
    ],
       "source_host" => "nmatondo",
          "image_id" => "sha256:86286b94485fea5c80b48372c5af6a7588d023b4c38756ec44c3019522d00cff",
               "tag" => "django-backend",
             "level" => 6,
           "command" => "/entrypoint.sh",
           "message" => "172.18.0.19:49668 - \"GET /metrics/ HTTP/1.1\" 200",
        "@timestamp" => 2026-07-17T08:55:19.721Z,
    "container_name" => "backend",
              "type" => "docker",
         "log_level" => "INFO",
        "image_name" => "backend:0.0.1",
       "environment" => "development",
           "version" => "1.1",
           "created" => "2026-07-17T08:52:15.271055746Z",
           "project" => "bidlive"
}
{
      "container_id" => "28a5dc0f9079566a9c8b1e3dc0d07d31037992b8ea2832b74e8811cfd921a388",
          "@version" => "1",
              "tags" => [
        [0] "_django_parse_failure"
    ],
       "source_host" => "nmatondo",
          "image_id" => "sha256:86286b94485fea5c80b48372c5af6a7588d023b4c38756ec44c3019522d00cff",
               "tag" => "django-backend",
             "level" => 6,
           "command" => "/entrypoint.sh",
           "message" => "172.18.0.19:46558 - \"GET /metrics/ HTTP/1.1\" 200",
        "@timestamp" => 2026-07-17T08:55:24.723Z,
    "container_name" => "backend",
              "type" => "docker",
         "log_level" => "INFO",
        "image_name" => "backend:0.0.1",
       "environment" => "development",
           "version" => "1.1",
           "created" => "2026-07-17T08:52:15.271055746Z",
           "project" => "bidlive"
}
{
      "container_id" => "28a5dc0f9079566a9c8b1e3dc0d07d31037992b8ea2832b74e8811cfd921a388",
          "@version" => "1",
              "tags" => [
        [0] "_django_parse_failure"
    ],
       "source_host" => "nmatondo",
          "image_id" => "sha256:86286b94485fea5c80b48372c5af6a7588d023b4c38756ec44c3019522d00cff",
               "tag" => "django-backend",
             "level" => 6,
           "command" => "/entrypoint.sh",
           "message" => "172.18.0.19:46572 - \"GET /metrics/ HTTP/1.1\" 200",
        "@timestamp" => 2026-07-17T08:55:29.722Z,
    "container_name" => "backend",
              "type" => "docker",
         "log_level" => "INFO",
        "image_name" => "backend:0.0.1",
       "environment" => "development",
           "version" => "1.1",
           "created" => "2026-07-17T08:52:15.271055746Z",
           "project" => "bidlive"
}
{
      "container_id" => "28a5dc0f9079566a9c8b1e3dc0d07d31037992b8ea2832b74e8811cfd921a388",
          "@version" => "1",
              "tags" => [
        [0] "_django_parse_failure"
    ],
       "source_host" => "nmatondo",
          "image_id" => "sha256:86286b94485fea5c80b48372c5af6a7588d023b4c38756ec44c3019522d00cff",
               "tag" => "django-backend",
             "level" => 6,
           "command" => "/entrypoint.sh",
           "message" => "172.18.0.19:38828 - \"GET /metrics/ HTTP/1.1\" 200",
        "@timestamp" => 2026-07-17T08:55:34.757Z,
    "container_name" => "backend",
              "type" => "docker",
         "log_level" => "INFO",
        "image_name" => "backend:0.0.1",
       "environment" => "development",
           "version" => "1.1",
           "created" => "2026-07-17T08:52:15.271055746Z",
           "project" => "bidlive"
}
{
      "container_id" => "28a5dc0f9079566a9c8b1e3dc0d07d31037992b8ea2832b74e8811cfd921a388",
          "@version" => "1",
              "tags" => [
        [0] "_django_parse_failure"
    ],
       "source_host" => "nmatondo",
          "image_id" => "sha256:86286b94485fea5c80b48372c5af6a7588d023b4c38756ec44c3019522d00cff",
               "tag" => "django-backend",
             "level" => 6,
           "command" => "/entrypoint.sh",
           "message" => "172.18.0.19:38834 - \"GET /metrics/ HTTP/1.1\" 200",
        "@timestamp" => 2026-07-17T08:55:39.737Z,
    "container_name" => "backend",
              "type" => "docker",
         "log_level" => "INFO",
        "image_name" => "backend:0.0.1",
       "environment" => "development",
           "version" => "1.1",
           "created" => "2026-07-17T08:52:15.271055746Z",
           "project" => "bidlive"
}
{
      "container_id" => "28a5dc0f9079566a9c8b1e3dc0d07d31037992b8ea2832b74e8811cfd921a388",
          "@version" => "1",
              "tags" => [
        [0] "_django_parse_failure"
    ],
       "source_host" => "nmatondo",
          "image_id" => "sha256:86286b94485fea5c80b48372c5af6a7588d023b4c38756ec44c3019522d00cff",
               "tag" => "django-backend",
             "level" => 6,
           "command" => "/entrypoint.sh",
           "message" => "172.18.0.19:42832 - \"GET /metrics/ HTTP/1.1\" 200",
        "@timestamp" => 2026-07-17T08:55:44.723Z,
    "container_name" => "backend",
              "type" => "docker",
         "log_level" => "INFO",
        "image_name" => "backend:0.0.1",
       "environment" => "development",
           "version" => "1.1",
           "created" => "2026-07-17T08:52:15.271055746Z",
           "project" => "bidlive"
}
{
      "container_id" => "28a5dc0f9079566a9c8b1e3dc0d07d31037992b8ea2832b74e8811cfd921a388",
          "@version" => "1",
              "tags" => [
        [0] "_django_parse_failure"
    ],
       "source_host" => "nmatondo",
          "image_id" => "sha256:86286b94485fea5c80b48372c5af6a7588d023b4c38756ec44c3019522d00cff",
               "tag" => "django-backend",
             "level" => 6,
           "command" => "/entrypoint.sh",
           "message" => "172.18.0.19:42834 - \"GET /metrics/ HTTP/1.1\" 200",
        "@timestamp" => 2026-07-17T08:55:49.727Z,
    "container_name" => "backend",
              "type" => "docker",
         "log_level" => "INFO",
        "image_name" => "backend:0.0.1",
       "environment" => "development",
           "version" => "1.1",
           "created" => "2026-07-17T08:52:15.271055746Z",
           "project" => "bidlive"
}
{
      "container_id" => "d70513feb32a07ba72f00ae1cbc0e336daea7b7cc98af8b72bc01be73d6be740",
          "@version" => "1",
       "source_host" => "nmatondo",
          "image_id" => "sha256:86286b94485fea5c80b48372c5af6a7588d023b4c38756ec44c3019522d00cff",
               "tag" => "celery-beat",
             "level" => 3,
           "command" => "/entrypoint.sh",
           "message" => "[2026-07-17 08:55:52,578: INFO/MainProcess] Scheduler: Sending due task auctions-close-expired (apps.auctions.tasks.close_auction.close_expired_auctions)",
        "@timestamp" => 2026-07-17T08:55:52.579Z,
    "container_name" => "celery_beat",
              "type" => "docker",
         "log_level" => "ERROR",
        "image_name" => "backend:0.0.1",
       "environment" => "development",
           "version" => "1.1",
           "created" => "2026-07-17T08:52:15.337892766Z",
           "project" => "bidlive"
}
{
      "container_id" => "d70513feb32a07ba72f00ae1cbc0e336daea7b7cc98af8b72bc01be73d6be740",
          "@version" => "1",
       "source_host" => "nmatondo",
          "image_id" => "sha256:86286b94485fea5c80b48372c5af6a7588d023b4c38756ec44c3019522d00cff",
               "tag" => "celery-beat",
             "level" => 3,
           "command" => "/entrypoint.sh",
           "message" => "[2026-07-17 08:55:52,587: INFO/MainProcess] Task apps.auctions.tasks.close_auction.close_expired_auctions[abe7715c-9297-4a31-ab18-4cb0a3a5c595] succeeded in 0.0069533779997073s: 0",
        "@timestamp" => 2026-07-17T08:55:52.587Z,
    "container_name" => "celery_beat",
              "type" => "docker",
         "log_level" => "ERROR",
        "image_name" => "backend:0.0.1",
       "environment" => "development",
           "version" => "1.1",
           "created" => "2026-07-17T08:52:15.337892766Z",
           "project" => "bidlive"
}
{
      "container_id" => "d70513feb32a07ba72f00ae1cbc0e336daea7b7cc98af8b72bc01be73d6be740",
          "@version" => "1",
       "source_host" => "nmatondo",
          "image_id" => "sha256:86286b94485fea5c80b48372c5af6a7588d023b4c38756ec44c3019522d00cff",
               "tag" => "celery-beat",
             "level" => 3,
           "command" => "/entrypoint.sh",
           "message" => "[2026-07-17 08:55:52,901: INFO/MainProcess] Scheduler: Sending due task auctions-activate-scheduled (apps.auctions.tasks.activate_auction.activate_scheduled_auctions)",
        "@timestamp" => 2026-07-17T08:55:52.902Z,
    "container_name" => "celery_beat",
              "type" => "docker",
         "log_level" => "ERROR",
        "image_name" => "backend:0.0.1",
       "environment" => "development",
           "version" => "1.1",
           "created" => "2026-07-17T08:52:15.337892766Z",
           "project" => "bidlive"
}
{
      "container_id" => "d70513feb32a07ba72f00ae1cbc0e336daea7b7cc98af8b72bc01be73d6be740",
          "@version" => "1",
       "source_host" => "nmatondo",
          "image_id" => "sha256:86286b94485fea5c80b48372c5af6a7588d023b4c38756ec44c3019522d00cff",
               "tag" => "celery-beat",
             "level" => 3,
           "command" => "/entrypoint.sh",
           "message" => "[2026-07-17 08:55:52,914: INFO/MainProcess] Task apps.auctions.tasks.activate_auction.activate_scheduled_auctions[d8130dbe-00db-4953-adfe-17210906fd2c] succeeded in 0.010565337999651092s: 0",
        "@timestamp" => 2026-07-17T08:55:52.914Z,
    "container_name" => "celery_beat",
              "type" => "docker",
         "log_level" => "ERROR",
        "image_name" => "backend:0.0.1",
       "environment" => "development",
           "version" => "1.1",
           "created" => "2026-07-17T08:52:15.337892766Z",
           "project" => "bidlive"
}
{
      "container_id" => "28a5dc0f9079566a9c8b1e3dc0d07d31037992b8ea2832b74e8811cfd921a388",
          "@version" => "1",
              "tags" => [
        [0] "_django_parse_failure"
    ],
       "source_host" => "nmatondo",
          "image_id" => "sha256:86286b94485fea5c80b48372c5af6a7588d023b4c38756ec44c3019522d00cff",
               "tag" => "django-backend",
             "level" => 6,
           "command" => "/entrypoint.sh",
           "message" => "172.18.0.19:56912 - \"GET /metrics/ HTTP/1.1\" 200",
        "@timestamp" => 2026-07-17T08:55:54.748Z,
    "container_name" => "backend",
              "type" => "docker",
         "log_level" => "INFO",
        "image_name" => "backend:0.0.1",
       "environment" => "development",
           "version" => "1.1",
           "created" => "2026-07-17T08:52:15.271055746Z",
           "project" => "bidlive"
}
{
      "container_id" => "28a5dc0f9079566a9c8b1e3dc0d07d31037992b8ea2832b74e8811cfd921a388",
          "@version" => "1",
              "tags" => [
        [0] "_django_parse_failure"
    ],
       "source_host" => "nmatondo",
          "image_id" => "sha256:86286b94485fea5c80b48372c5af6a7588d023b4c38756ec44c3019522d00cff",
               "tag" => "django-backend",
             "level" => 6,
           "command" => "/entrypoint.sh",
           "message" => "172.18.0.19:56928 - \"GET /metrics/ HTTP/1.1\" 200",
        "@timestamp" => 2026-07-17T08:55:59.760Z,
    "container_name" => "backend",
              "type" => "docker",
         "log_level" => "INFO",
        "image_name" => "backend:0.0.1",
       "environment" => "development",
           "version" => "1.1",
           "created" => "2026-07-17T08:52:15.271055746Z",
           "project" => "bidlive"
}
{
      "container_id" => "28a5dc0f9079566a9c8b1e3dc0d07d31037992b8ea2832b74e8811cfd921a388",
          "@version" => "1",
              "tags" => [
        [0] "_django_parse_failure"
    ],
       "source_host" => "nmatondo",
          "image_id" => "sha256:86286b94485fea5c80b48372c5af6a7588d023b4c38756ec44c3019522d00cff",
               "tag" => "django-backend",
             "level" => 6,
           "command" => "/entrypoint.sh",
           "message" => "172.18.0.19:46804 - \"GET /metrics/ HTTP/1.1\" 200",
        "@timestamp" => 2026-07-17T08:56:04.756Z,
    "container_name" => "backend",
              "type" => "docker",
         "log_level" => "INFO",
        "image_name" => "backend:0.0.1",
       "environment" => "development",
           "version" => "1.1",
           "created" => "2026-07-17T08:52:15.271055746Z",
           "project" => "bidlive"
}
{
      "container_id" => "28a5dc0f9079566a9c8b1e3dc0d07d31037992b8ea2832b74e8811cfd921a388",
          "@version" => "1",
              "tags" => [
        [0] "_django_parse_failure"
    ],
       "source_host" => "nmatondo",
          "image_id" => "sha256:86286b94485fea5c80b48372c5af6a7588d023b4c38756ec44c3019522d00cff",
               "tag" => "django-backend",
             "level" => 6,
           "command" => "/entrypoint.sh",
           "message" => "172.18.0.19:46818 - \"GET /metrics/ HTTP/1.1\" 200",
        "@timestamp" => 2026-07-17T08:56:09.754Z,
    "container_name" => "backend",
              "type" => "docker",
         "log_level" => "INFO",
        "image_name" => "backend:0.0.1",
       "environment" => "development",
           "version" => "1.1",
           "created" => "2026-07-17T08:52:15.271055746Z",
           "project" => "bidlive"
}
{
      "container_id" => "28a5dc0f9079566a9c8b1e3dc0d07d31037992b8ea2832b74e8811cfd921a388",
          "@version" => "1",
              "tags" => [
        [0] "_django_parse_failure"
    ],
       "source_host" => "nmatondo",
          "image_id" => "sha256:86286b94485fea5c80b48372c5af6a7588d023b4c38756ec44c3019522d00cff",
               "tag" => "django-backend",
             "level" => 6,
           "command" => "/entrypoint.sh",
           "message" => "172.18.0.19:34160 - \"GET /metrics/ HTTP/1.1\" 200",
        "@timestamp" => 2026-07-17T08:56:14.767Z,
    "container_name" => "backend",
              "type" => "docker",
         "log_level" => "INFO",
        "image_name" => "backend:0.0.1",
       "environment" => "development",
           "version" => "1.1",
           "created" => "2026-07-17T08:52:15.271055746Z",
           "project" => "bidlive"
}
{
      "container_id" => "28a5dc0f9079566a9c8b1e3dc0d07d31037992b8ea2832b74e8811cfd921a388",
          "@version" => "1",
              "tags" => [
        [0] "_django_parse_failure"
    ],
       "source_host" => "nmatondo",
          "image_id" => "sha256:86286b94485fea5c80b48372c5af6a7588d023b4c38756ec44c3019522d00cff",
               "tag" => "django-backend",
             "level" => 6,
           "command" => "/entrypoint.sh",
           "message" => "172.18.0.19:34162 - \"GET /metrics/ HTTP/1.1\" 200",
        "@timestamp" => 2026-07-17T08:56:19.733Z,
    "container_name" => "backend",
              "type" => "docker",
         "log_level" => "INFO",
        "image_name" => "backend:0.0.1",
       "environment" => "development",
           "version" => "1.1",
           "created" => "2026-07-17T08:52:15.271055746Z",
           "project" => "bidlive"
}
{
      "container_id" => "28a5dc0f9079566a9c8b1e3dc0d07d31037992b8ea2832b74e8811cfd921a388",
          "@version" => "1",
              "tags" => [
        [0] "_django_parse_failure"
    ],
       "source_host" => "nmatondo",
          "image_id" => "sha256:86286b94485fea5c80b48372c5af6a7588d023b4c38756ec44c3019522d00cff",
               "tag" => "django-backend",
             "level" => 6,
           "command" => "/entrypoint.sh",
           "message" => "172.18.0.19:42720 - \"GET /metrics/ HTTP/1.1\" 200",
        "@timestamp" => 2026-07-17T08:56:24.752Z,
    "container_name" => "backend",
              "type" => "docker",
         "log_level" => "INFO",
        "image_name" => "backend:0.0.1",
       "environment" => "development",
           "version" => "1.1",
           "created" => "2026-07-17T08:52:15.271055746Z",
           "project" => "bidlive"
}
{
      "container_id" => "28a5dc0f9079566a9c8b1e3dc0d07d31037992b8ea2832b74e8811cfd921a388",
          "@version" => "1",
              "tags" => [
        [0] "_django_parse_failure"
    ],
       "source_host" => "nmatondo",
          "image_id" => "sha256:86286b94485fea5c80b48372c5af6a7588d023b4c38756ec44c3019522d00cff",
               "tag" => "django-backend",
             "level" => 6,
           "command" => "/entrypoint.sh",
           "message" => "172.18.0.19:42724 - \"GET /metrics/ HTTP/1.1\" 200",
        "@timestamp" => 2026-07-17T08:56:29.718Z,
    "container_name" => "backend",
              "type" => "docker",
         "log_level" => "INFO",
        "image_name" => "backend:0.0.1",
       "environment" => "development",
           "version" => "1.1",
           "created" => "2026-07-17T08:52:15.271055746Z",
           "project" => "bidlive"
}
{
      "container_id" => "28a5dc0f9079566a9c8b1e3dc0d07d31037992b8ea2832b74e8811cfd921a388",
          "@version" => "1",
              "tags" => [
        [0] "_django_parse_failure"
    ],
       "source_host" => "nmatondo",
          "image_id" => "sha256:86286b94485fea5c80b48372c5af6a7588d023b4c38756ec44c3019522d00cff",
               "tag" => "django-backend",
             "level" => 6,
           "command" => "/entrypoint.sh",
           "message" => "172.18.0.19:45594 - \"GET /metrics/ HTTP/1.1\" 200",
        "@timestamp" => 2026-07-17T08:56:34.756Z,
    "container_name" => "backend",
              "type" => "docker",
         "log_level" => "INFO",
        "image_name" => "backend:0.0.1",
       "environment" => "development",
           "version" => "1.1",
           "created" => "2026-07-17T08:52:15.271055746Z",
           "project" => "bidlive"
}
{
      "container_id" => "28a5dc0f9079566a9c8b1e3dc0d07d31037992b8ea2832b74e8811cfd921a388",
          "@version" => "1",
              "tags" => [
        [0] "_django_parse_failure"
    ],
       "source_host" => "nmatondo",
          "image_id" => "sha256:86286b94485fea5c80b48372c5af6a7588d023b4c38756ec44c3019522d00cff",
               "tag" => "django-backend",
             "level" => 6,
           "command" => "/entrypoint.sh",
           "message" => "172.18.0.19:45608 - \"GET /metrics/ HTTP/1.1\" 200",
        "@timestamp" => 2026-07-17T08:56:39.746Z,
    "container_name" => "backend",
              "type" => "docker",
         "log_level" => "INFO",
        "image_name" => "backend:0.0.1",
       "environment" => "development",
           "version" => "1.1",
           "created" => "2026-07-17T08:52:15.271055746Z",
           "project" => "bidlive"
}
{
      "container_id" => "28a5dc0f9079566a9c8b1e3dc0d07d31037992b8ea2832b74e8811cfd921a388",
          "@version" => "1",
              "tags" => [
        [0] "_django_parse_failure"
    ],
       "source_host" => "nmatondo",
          "image_id" => "sha256:86286b94485fea5c80b48372c5af6a7588d023b4c38756ec44c3019522d00cff",
               "tag" => "django-backend",
             "level" => 6,
           "command" => "/entrypoint.sh",
           "message" => "172.18.0.19:56876 - \"GET /metrics/ HTTP/1.1\" 200",
        "@timestamp" => 2026-07-17T08:56:44.753Z,
    "container_name" => "backend",
              "type" => "docker",
         "log_level" => "INFO",
        "image_name" => "backend:0.0.1",
       "environment" => "development",
           "version" => "1.1",
           "created" => "2026-07-17T08:52:15.271055746Z",
           "project" => "bidlive"
}
{
      "container_id" => "28a5dc0f9079566a9c8b1e3dc0d07d31037992b8ea2832b74e8811cfd921a388",
          "@version" => "1",
              "tags" => [
        [0] "_django_parse_failure"
    ],
       "source_host" => "nmatondo",
          "image_id" => "sha256:86286b94485fea5c80b48372c5af6a7588d023b4c38756ec44c3019522d00cff",
               "tag" => "django-backend",
             "level" => 6,
           "command" => "/entrypoint.sh",
           "message" => "172.18.0.19:56880 - \"GET /metrics/ HTTP/1.1\" 200",
        "@timestamp" => 2026-07-17T08:56:49.756Z,
    "container_name" => "backend",
              "type" => "docker",
         "log_level" => "INFO",
        "image_name" => "backend:0.0.1",
       "environment" => "development",
           "version" => "1.1",
           "created" => "2026-07-17T08:52:15.271055746Z",
           "project" => "bidlive"
}
{
      "container_id" => "d70513feb32a07ba72f00ae1cbc0e336daea7b7cc98af8b72bc01be73d6be740",
          "@version" => "1",
       "source_host" => "nmatondo",
          "image_id" => "sha256:86286b94485fea5c80b48372c5af6a7588d023b4c38756ec44c3019522d00cff",
               "tag" => "celery-beat",
             "level" => 3,
           "command" => "/entrypoint.sh",
           "message" => "[2026-07-17 08:56:52,578: INFO/MainProcess] Scheduler: Sending due task auctions-close-expired (apps.auctions.tasks.close_auction.close_expired_auctions)",
        "@timestamp" => 2026-07-17T08:56:52.578Z,
    "container_name" => "celery_beat",
              "type" => "docker",
         "log_level" => "ERROR",
        "image_name" => "backend:0.0.1",
       "environment" => "development",
           "version" => "1.1",
           "created" => "2026-07-17T08:52:15.337892766Z",
           "project" => "bidlive"
}
{
      "container_id" => "d70513feb32a07ba72f00ae1cbc0e336daea7b7cc98af8b72bc01be73d6be740",
          "@version" => "1",
       "source_host" => "nmatondo",
          "image_id" => "sha256:86286b94485fea5c80b48372c5af6a7588d023b4c38756ec44c3019522d00cff",
               "tag" => "celery-beat",
             "level" => 3,
           "command" => "/entrypoint.sh",
           "message" => "[2026-07-17 08:56:52,584: INFO/MainProcess] Task apps.auctions.tasks.close_auction.close_expired_auctions[9b01399f-3c5f-4862-ba53-eee1b9d8b204] succeeded in 0.004963524999766378s: 0",
        "@timestamp" => 2026-07-17T08:56:52.585Z,
    "container_name" => "celery_beat",
              "type" => "docker",
         "log_level" => "ERROR",
        "image_name" => "backend:0.0.1",
       "environment" => "development",
           "version" => "1.1",
           "created" => "2026-07-17T08:52:15.337892766Z",
           "project" => "bidlive"
}
{
      "container_id" => "d70513feb32a07ba72f00ae1cbc0e336daea7b7cc98af8b72bc01be73d6be740",
          "@version" => "1",
       "source_host" => "nmatondo",
          "image_id" => "sha256:86286b94485fea5c80b48372c5af6a7588d023b4c38756ec44c3019522d00cff",
               "tag" => "celery-beat",
             "level" => 3,
           "command" => "/entrypoint.sh",
           "message" => "[2026-07-17 08:56:52,901: INFO/MainProcess] Scheduler: Sending due task auctions-activate-scheduled (apps.auctions.tasks.activate_auction.activate_scheduled_auctions)",
        "@timestamp" => 2026-07-17T08:56:52.902Z,
    "container_name" => "celery_beat",
              "type" => "docker",
         "log_level" => "ERROR",
        "image_name" => "backend:0.0.1",
       "environment" => "development",
           "version" => "1.1",
           "created" => "2026-07-17T08:52:15.337892766Z",
           "project" => "bidlive"
}
{
      "container_id" => "d70513feb32a07ba72f00ae1cbc0e336daea7b7cc98af8b72bc01be73d6be740",
          "@version" => "1",
       "source_host" => "nmatondo",
          "image_id" => "sha256:86286b94485fea5c80b48372c5af6a7588d023b4c38756ec44c3019522d00cff",
               "tag" => "celery-beat",
             "level" => 3,
           "command" => "/entrypoint.sh",
           "message" => "[2026-07-17 08:56:52,907: INFO/MainProcess] Task apps.auctions.tasks.activate_auction.activate_scheduled_auctions[6640c230-e7da-461e-b1fa-d4fcb1b02340] succeeded in 0.0045692500007135095s: 0",
        "@timestamp" => 2026-07-17T08:56:52.907Z,
    "container_name" => "celery_beat",
              "type" => "docker",
         "log_level" => "ERROR",
        "image_name" => "backend:0.0.1",
       "environment" => "development",
           "version" => "1.1",
           "created" => "2026-07-17T08:52:15.337892766Z",
           "project" => "bidlive"
}
{
      "container_id" => "28a5dc0f9079566a9c8b1e3dc0d07d31037992b8ea2832b74e8811cfd921a388",
          "@version" => "1",
              "tags" => [
        [0] "_django_parse_failure"
    ],
       "source_host" => "nmatondo",
          "image_id" => "sha256:86286b94485fea5c80b48372c5af6a7588d023b4c38756ec44c3019522d00cff",
               "tag" => "django-backend",
             "level" => 6,
           "command" => "/entrypoint.sh",
           "message" => "172.18.0.19:47934 - \"GET /metrics/ HTTP/1.1\" 200",
        "@timestamp" => 2026-07-17T08:56:54.740Z,
    "container_name" => "backend",
              "type" => "docker",
         "log_level" => "INFO",
        "image_name" => "backend:0.0.1",
       "environment" => "development",
           "version" => "1.1",
           "created" => "2026-07-17T08:52:15.271055746Z",
           "project" => "bidlive"
}
{
      "container_id" => "28a5dc0f9079566a9c8b1e3dc0d07d31037992b8ea2832b74e8811cfd921a388",
          "@version" => "1",
              "tags" => [
        [0] "_django_parse_failure"
    ],
       "source_host" => "nmatondo",
          "image_id" => "sha256:86286b94485fea5c80b48372c5af6a7588d023b4c38756ec44c3019522d00cff",
               "tag" => "django-backend",
             "level" => 6,
           "command" => "/entrypoint.sh",
           "message" => "172.18.0.19:47938 - \"GET /metrics/ HTTP/1.1\" 200",
        "@timestamp" => 2026-07-17T08:56:59.731Z,
    "container_name" => "backend",
              "type" => "docker",
         "log_level" => "INFO",
        "image_name" => "backend:0.0.1",
       "environment" => "development",
           "version" => "1.1",
           "created" => "2026-07-17T08:52:15.271055746Z",
           "project" => "bidlive"
}
{
      "container_id" => "28a5dc0f9079566a9c8b1e3dc0d07d31037992b8ea2832b74e8811cfd921a388",
          "@version" => "1",
              "tags" => [
        [0] "_django_parse_failure"
    ],
       "source_host" => "nmatondo",
          "image_id" => "sha256:86286b94485fea5c80b48372c5af6a7588d023b4c38756ec44c3019522d00cff",
               "tag" => "django-backend",
             "level" => 6,
           "command" => "/entrypoint.sh",
           "message" => "172.18.0.19:56132 - \"GET /metrics/ HTTP/1.1\" 200",
        "@timestamp" => 2026-07-17T08:57:04.748Z,
    "container_name" => "backend",
              "type" => "docker",
         "log_level" => "INFO",
        "image_name" => "backend:0.0.1",
       "environment" => "development",
           "version" => "1.1",
           "created" => "2026-07-17T08:52:15.271055746Z",
           "project" => "bidlive"
}
{
      "container_id" => "28a5dc0f9079566a9c8b1e3dc0d07d31037992b8ea2832b74e8811cfd921a388",
          "@version" => "1",
              "tags" => [
        [0] "_django_parse_failure"
    ],
       "source_host" => "nmatondo",
          "image_id" => "sha256:86286b94485fea5c80b48372c5af6a7588d023b4c38756ec44c3019522d00cff",
               "tag" => "django-backend",
             "level" => 6,
           "command" => "/entrypoint.sh",
           "message" => "172.18.0.19:56144 - \"GET /metrics/ HTTP/1.1\" 200",
        "@timestamp" => 2026-07-17T08:57:09.756Z,
    "container_name" => "backend",
              "type" => "docker",
         "log_level" => "INFO",
        "image_name" => "backend:0.0.1",
       "environment" => "development",
           "version" => "1.1",
           "created" => "2026-07-17T08:52:15.271055746Z",
           "project" => "bidlive"
}
{
      "container_id" => "28a5dc0f9079566a9c8b1e3dc0d07d31037992b8ea2832b74e8811cfd921a388",
          "@version" => "1",
              "tags" => [
        [0] "_django_parse_failure"
    ],
       "source_host" => "nmatondo",
          "image_id" => "sha256:86286b94485fea5c80b48372c5af6a7588d023b4c38756ec44c3019522d00cff",
               "tag" => "django-backend",
             "level" => 6,
           "command" => "/entrypoint.sh",
           "message" => "172.18.0.19:36682 - \"GET /metrics/ HTTP/1.1\" 200",
        "@timestamp" => 2026-07-17T08:57:14.755Z,
    "container_name" => "backend",
              "type" => "docker",
         "log_level" => "INFO",
        "image_name" => "backend:0.0.1",
       "environment" => "development",
           "version" => "1.1",
           "created" => "2026-07-17T08:52:15.271055746Z",
           "project" => "bidlive"
}
{
      "container_id" => "28a5dc0f9079566a9c8b1e3dc0d07d31037992b8ea2832b74e8811cfd921a388",
          "@version" => "1",
              "tags" => [
        [0] "_django_parse_failure"
    ],
       "source_host" => "nmatondo",
          "image_id" => "sha256:86286b94485fea5c80b48372c5af6a7588d023b4c38756ec44c3019522d00cff",
               "tag" => "django-backend",
             "level" => 6,
           "command" => "/entrypoint.sh",
           "message" => "172.18.0.19:36692 - \"GET /metrics/ HTTP/1.1\" 200",
        "@timestamp" => 2026-07-17T08:57:19.769Z,
    "container_name" => "backend",
              "type" => "docker",
         "log_level" => "INFO",
        "image_name" => "backend:0.0.1",
       "environment" => "development",
           "version" => "1.1",
           "created" => "2026-07-17T08:52:15.271055746Z",
           "project" => "bidlive"
}
{
      "container_id" => "28a5dc0f9079566a9c8b1e3dc0d07d31037992b8ea2832b74e8811cfd921a388",
          "@version" => "1",
              "tags" => [
        [0] "_django_parse_failure"
    ],
       "source_host" => "nmatondo",
          "image_id" => "sha256:86286b94485fea5c80b48372c5af6a7588d023b4c38756ec44c3019522d00cff",
               "tag" => "django-backend",
             "level" => 6,
           "command" => "/entrypoint.sh",
           "message" => "172.18.0.19:50358 - \"GET /metrics/ HTTP/1.1\" 200",
        "@timestamp" => 2026-07-17T08:57:24.739Z,
    "container_name" => "backend",
              "type" => "docker",
         "log_level" => "INFO",
        "image_name" => "backend:0.0.1",
       "environment" => "development",
           "version" => "1.1",
           "created" => "2026-07-17T08:52:15.271055746Z",
           "project" => "bidlive"
}
{
      "container_id" => "28a5dc0f9079566a9c8b1e3dc0d07d31037992b8ea2832b74e8811cfd921a388",
          "@version" => "1",
              "tags" => [
        [0] "_django_parse_failure"
    ],
       "source_host" => "nmatondo",
          "image_id" => "sha256:86286b94485fea5c80b48372c5af6a7588d023b4c38756ec44c3019522d00cff",
               "tag" => "django-backend",
             "level" => 6,
           "command" => "/entrypoint.sh",
           "message" => "172.18.0.19:50360 - \"GET /metrics/ HTTP/1.1\" 200",
        "@timestamp" => 2026-07-17T08:57:29.746Z,
    "container_name" => "backend",
              "type" => "docker",
         "log_level" => "INFO",
        "image_name" => "backend:0.0.1",
       "environment" => "development",
           "version" => "1.1",
           "created" => "2026-07-17T08:52:15.271055746Z",
           "project" => "bidlive"
}
{
      "container_id" => "28a5dc0f9079566a9c8b1e3dc0d07d31037992b8ea2832b74e8811cfd921a388",
          "@version" => "1",
              "tags" => [
        [0] "_django_parse_failure"
    ],
       "source_host" => "nmatondo",
          "image_id" => "sha256:86286b94485fea5c80b48372c5af6a7588d023b4c38756ec44c3019522d00cff",
               "tag" => "django-backend",
             "level" => 6,
           "command" => "/entrypoint.sh",
           "message" => "172.18.0.19:36132 - \"GET /metrics/ HTTP/1.1\" 200",
        "@timestamp" => 2026-07-17T08:57:34.750Z,
    "container_name" => "backend",
              "type" => "docker",
         "log_level" => "INFO",
        "image_name" => "backend:0.0.1",
       "environment" => "development",
           "version" => "1.1",
           "created" => "2026-07-17T08:52:15.271055746Z",
           "project" => "bidlive"
}
{
      "container_id" => "28a5dc0f9079566a9c8b1e3dc0d07d31037992b8ea2832b74e8811cfd921a388",
          "@version" => "1",
              "tags" => [
        [0] "_django_parse_failure"
    ],
       "source_host" => "nmatondo",
          "image_id" => "sha256:86286b94485fea5c80b48372c5af6a7588d023b4c38756ec44c3019522d00cff",
               "tag" => "django-backend",
             "level" => 6,
           "command" => "/entrypoint.sh",
           "message" => "172.18.0.19:36142 - \"GET /metrics/ HTTP/1.1\" 200",
        "@timestamp" => 2026-07-17T08:57:39.753Z,
    "container_name" => "backend",
              "type" => "docker",
         "log_level" => "INFO",
        "image_name" => "backend:0.0.1",
       "environment" => "development",
           "version" => "1.1",
           "created" => "2026-07-17T08:52:15.271055746Z",
           "project" => "bidlive"
}
{
      "container_id" => "28a5dc0f9079566a9c8b1e3dc0d07d31037992b8ea2832b74e8811cfd921a388",
          "@version" => "1",
              "tags" => [
        [0] "_django_parse_failure"
    ],
       "source_host" => "nmatondo",
          "image_id" => "sha256:86286b94485fea5c80b48372c5af6a7588d023b4c38756ec44c3019522d00cff",
               "tag" => "django-backend",
             "level" => 6,
           "command" => "/entrypoint.sh",
           "message" => "172.18.0.19:36452 - \"GET /metrics/ HTTP/1.1\" 200",
        "@timestamp" => 2026-07-17T08:57:44.752Z,
    "container_name" => "backend",
              "type" => "docker",
         "log_level" => "INFO",
        "image_name" => "backend:0.0.1",
       "environment" => "development",
           "version" => "1.1",
           "created" => "2026-07-17T08:52:15.271055746Z",
           "project" => "bidlive"
}
{
      "container_id" => "28a5dc0f9079566a9c8b1e3dc0d07d31037992b8ea2832b74e8811cfd921a388",
          "@version" => "1",
              "tags" => [
        [0] "_django_parse_failure"
    ],
       "source_host" => "nmatondo",
          "image_id" => "sha256:86286b94485fea5c80b48372c5af6a7588d023b4c38756ec44c3019522d00cff",
               "tag" => "django-backend",
             "level" => 6,
           "command" => "/entrypoint.sh",
           "message" => "172.18.0.19:36468 - \"GET /metrics/ HTTP/1.1\" 200",
        "@timestamp" => 2026-07-17T08:57:49.758Z,
    "container_name" => "backend",
              "type" => "docker",
         "log_level" => "INFO",
        "image_name" => "backend:0.0.1",
       "environment" => "development",
           "version" => "1.1",
           "created" => "2026-07-17T08:52:15.271055746Z",
           "project" => "bidlive"
}
{
      "container_id" => "d70513feb32a07ba72f00ae1cbc0e336daea7b7cc98af8b72bc01be73d6be740",
          "@version" => "1",
       "source_host" => "nmatondo",
          "image_id" => "sha256:86286b94485fea5c80b48372c5af6a7588d023b4c38756ec44c3019522d00cff",
               "tag" => "celery-beat",
             "level" => 3,
           "command" => "/entrypoint.sh",
           "message" => "[2026-07-17 08:57:52,578: INFO/MainProcess] Scheduler: Sending due task auctions-close-expired (apps.auctions.tasks.close_auction.close_expired_auctions)",
        "@timestamp" => 2026-07-17T08:57:52.579Z,
    "container_name" => "celery_beat",
              "type" => "docker",
         "log_level" => "ERROR",
        "image_name" => "backend:0.0.1",
       "environment" => "development",
           "version" => "1.1",
           "created" => "2026-07-17T08:52:15.337892766Z",
           "project" => "bidlive"
}
{
      "container_id" => "d70513feb32a07ba72f00ae1cbc0e336daea7b7cc98af8b72bc01be73d6be740",
          "@version" => "1",
       "source_host" => "nmatondo",
          "image_id" => "sha256:86286b94485fea5c80b48372c5af6a7588d023b4c38756ec44c3019522d00cff",
               "tag" => "celery-beat",
             "level" => 3,
           "command" => "/entrypoint.sh",
           "message" => "[2026-07-17 08:57:52,584: INFO/MainProcess] Task apps.auctions.tasks.close_auction.close_expired_auctions[126841f7-3a5c-48ce-9199-9a84ffa16b43] succeeded in 0.004586381999615696s: 0",
        "@timestamp" => 2026-07-17T08:57:52.584Z,
    "container_name" => "celery_beat",
              "type" => "docker",
         "log_level" => "ERROR",
        "image_name" => "backend:0.0.1",
       "environment" => "development",
           "version" => "1.1",
           "created" => "2026-07-17T08:52:15.337892766Z",
           "project" => "bidlive"
}
{
      "container_id" => "d70513feb32a07ba72f00ae1cbc0e336daea7b7cc98af8b72bc01be73d6be740",
          "@version" => "1",
       "source_host" => "nmatondo",
          "image_id" => "sha256:86286b94485fea5c80b48372c5af6a7588d023b4c38756ec44c3019522d00cff",
               "tag" => "celery-beat",
             "level" => 3,
           "command" => "/entrypoint.sh",
           "message" => "[2026-07-17 08:57:52,901: INFO/MainProcess] Scheduler: Sending due task auctions-activate-scheduled (apps.auctions.tasks.activate_auction.activate_scheduled_auctions)",
        "@timestamp" => 2026-07-17T08:57:52.901Z,
    "container_name" => "celery_beat",
              "type" => "docker",
         "log_level" => "ERROR",
        "image_name" => "backend:0.0.1",
       "environment" => "development",
           "version" => "1.1",
           "created" => "2026-07-17T08:52:15.337892766Z",
           "project" => "bidlive"
}
{
      "container_id" => "d70513feb32a07ba72f00ae1cbc0e336daea7b7cc98af8b72bc01be73d6be740",
          "@version" => "1",
       "source_host" => "nmatondo",
          "image_id" => "sha256:86286b94485fea5c80b48372c5af6a7588d023b4c38756ec44c3019522d00cff",
               "tag" => "celery-beat",
             "level" => 3,
           "command" => "/entrypoint.sh",
           "message" => "[2026-07-17 08:57:52,906: INFO/MainProcess] Task apps.auctions.tasks.activate_auction.activate_scheduled_auctions[6e6b09b9-7413-4854-a9e4-928f30be2468] succeeded in 0.004138258000239148s: 0",
        "@timestamp" => 2026-07-17T08:57:52.906Z,
    "container_name" => "celery_beat",
              "type" => "docker",
         "log_level" => "ERROR",
        "image_name" => "backend:0.0.1",
       "environment" => "development",
           "version" => "1.1",
           "created" => "2026-07-17T08:52:15.337892766Z",
           "project" => "bidlive"
}
{
      "container_id" => "28a5dc0f9079566a9c8b1e3dc0d07d31037992b8ea2832b74e8811cfd921a388",
          "@version" => "1",
              "tags" => [
        [0] "_django_parse_failure"
    ],
       "source_host" => "nmatondo",
          "image_id" => "sha256:86286b94485fea5c80b48372c5af6a7588d023b4c38756ec44c3019522d00cff",
               "tag" => "django-backend",
             "level" => 6,
           "command" => "/entrypoint.sh",
           "message" => "172.18.0.19:59730 - \"GET /metrics/ HTTP/1.1\" 200",
        "@timestamp" => 2026-07-17T08:57:54.734Z,
    "container_name" => "backend",
              "type" => "docker",
         "log_level" => "INFO",
        "image_name" => "backend:0.0.1",
       "environment" => "development",
           "version" => "1.1",
           "created" => "2026-07-17T08:52:15.271055746Z",
           "project" => "bidlive"
}
{
      "container_id" => "28a5dc0f9079566a9c8b1e3dc0d07d31037992b8ea2832b74e8811cfd921a388",
          "@version" => "1",
              "tags" => [
        [0] "_django_parse_failure"
    ],
       "source_host" => "nmatondo",
          "image_id" => "sha256:86286b94485fea5c80b48372c5af6a7588d023b4c38756ec44c3019522d00cff",
               "tag" => "django-backend",
             "level" => 6,
           "command" => "/entrypoint.sh",
           "message" => "172.18.0.19:59744 - \"GET /metrics/ HTTP/1.1\" 200",
        "@timestamp" => 2026-07-17T08:57:59.752Z,
    "container_name" => "backend",
              "type" => "docker",
         "log_level" => "INFO",
        "image_name" => "backend:0.0.1",
       "environment" => "development",
           "version" => "1.1",
           "created" => "2026-07-17T08:52:15.271055746Z",
           "project" => "bidlive"
}
{
      "container_id" => "28a5dc0f9079566a9c8b1e3dc0d07d31037992b8ea2832b74e8811cfd921a388",
          "@version" => "1",
              "tags" => [
        [0] "_django_parse_failure"
    ],
       "source_host" => "nmatondo",
          "image_id" => "sha256:86286b94485fea5c80b48372c5af6a7588d023b4c38756ec44c3019522d00cff",
               "tag" => "django-backend",
             "level" => 6,
           "command" => "/entrypoint.sh",
           "message" => "172.18.0.19:53180 - \"GET /metrics/ HTTP/1.1\" 200",
        "@timestamp" => 2026-07-17T08:58:04.750Z,
    "container_name" => "backend",
              "type" => "docker",
         "log_level" => "INFO",
        "image_name" => "backend:0.0.1",
       "environment" => "development",
           "version" => "1.1",
           "created" => "2026-07-17T08:52:15.271055746Z",
           "project" => "bidlive"
}
nmatondo@nmatondo:~/Code/BidLive/BidLiveDevops$ 

